// Jest Snapshot v1, https://goo.gl/fbAQLP

exports[`Menu should render correctly 1`] = `
<div
  className="menu"
>
  <ul>
    <NavLink
      activeClassName="active"
      exact={true}
      to="/"
    >
      <li>
        Game
      </li>
    </NavLink>
    <NavLink
      activeClassName="active"
      to="/list-of-records"
    >
      <li>
        List of records
      </li>
    </NavLink>
  </ul>
</div>
`;
